[2024-07-17T00:13:37]    DEBUG Command: uw config realize --input-format yaml --output-format yaml --verbose
[2024-07-17T00:13:37]    DEBUG Reading input from stdin
[2024-07-17T00:13:37]    DEBUG Dereferencing, current value:
[2024-07-17T00:13:37]    DEBUG   hello: '{{ recipient }}'
[2024-07-17T00:13:37]    DEBUG   recipient: world
[2024-07-17T00:13:37]    DEBUG [dereference] Rendering: {{ recipient }}
[2024-07-17T00:13:37]    DEBUG [dereference] Rendered: world
[2024-07-17T00:13:37]    DEBUG [dereference] Rendering: hello
[2024-07-17T00:13:37]    DEBUG [dereference] Rendered: hello
[2024-07-17T00:13:37]    DEBUG [dereference] Rendering: world
[2024-07-17T00:13:37]    DEBUG [dereference] Rendered: world
[2024-07-17T00:13:37]    DEBUG [dereference] Rendering: recipient
[2024-07-17T00:13:37]    DEBUG [dereference] Rendered: recipient
[2024-07-17T00:13:37]    DEBUG Dereferencing, current value:
[2024-07-17T00:13:37]    DEBUG   hello: world
[2024-07-17T00:13:37]    DEBUG   recipient: world
[2024-07-17T00:13:37]    DEBUG [dereference] Rendering: world
[2024-07-17T00:13:37]    DEBUG [dereference] Rendered: world
[2024-07-17T00:13:37]    DEBUG [dereference] Rendering: hello
[2024-07-17T00:13:37]    DEBUG [dereference] Rendered: hello
[2024-07-17T00:13:37]    DEBUG [dereference] Rendering: world
[2024-07-17T00:13:37]    DEBUG [dereference] Rendered: world
[2024-07-17T00:13:37]    DEBUG [dereference] Rendering: recipient
[2024-07-17T00:13:37]    DEBUG [dereference] Rendered: recipient
[2024-07-17T00:13:37]    DEBUG Dereferencing, final value:
[2024-07-17T00:13:37]    DEBUG   hello: world
[2024-07-17T00:13:37]    DEBUG   recipient: world
[2024-07-17T00:13:37]    DEBUG Writing output to stdout
hello: world
recipient: world
