[2024-07-17T00:13:37]    DEBUG Command: uw rocoto realize --config-file rocoto.yaml --verbose
[2024-07-17T00:13:37]    DEBUG Dereferencing, current value:
[2024-07-17T00:13:37]    DEBUG   workflow:
[2024-07-17T00:13:37]    DEBUG     attrs:
[2024-07-17T00:13:37]    DEBUG       realtime: false
[2024-07-17T00:13:37]    DEBUG       scheduler: slurm
[2024-07-17T00:13:37]    DEBUG     cycledef:
[2024-07-17T00:13:37]    DEBUG     - attrs:
[2024-07-17T00:13:37]    DEBUG         group: howdy
[2024-07-17T00:13:37]    DEBUG       spec: 202209290000 202209300000 06:00:00
...
[2024-07-17T00:13:37]    DEBUG   attrs:
[2024-07-17T00:13:37]    DEBUG     cycledefs: howdy
[2024-07-17T00:13:37]    DEBUG   account: '&ACCOUNT;'
[2024-07-17T00:13:37]    DEBUG   command: echo hello $person
[2024-07-17T00:13:37]    DEBUG   jobname: hello
[2024-07-17T00:13:37]    DEBUG   nodes: 1:ppn=1
[2024-07-17T00:13:37]    DEBUG   walltime: 00:01:00
[2024-07-17T00:13:37]    DEBUG   envars:
[2024-07-17T00:13:37]    DEBUG     person: siri
[2024-07-17T00:13:37]     INFO 0 Rocoto validation errors found
